Last login: Sat Jul 18 06:53:09 on console
cloudbinary@Clouds-MacBook-Pro ~ % pwd
/Users/cloudbinary
cloudbinary@Clouds-MacBook-Pro ~ % cd Downloads 
cloudbinary@Clouds-MacBook-Pro Downloads % 
cloudbinary@Clouds-MacBook-Pro Downloads % 
cloudbinary@Clouds-MacBook-Pro Downloads % ssh -i "northvirginia_aws_key.pem" ubuntu@ec2-18-232-119-155.compute-1.amazonaws.com
The authenticity of host 'ec2-18-232-119-155.compute-1.amazonaws.com (18.232.119.155)' can't be established.
ECDSA key fingerprint is SHA256:X8zi+CBAr7aFSS/Bq9VMDzgQRDm/2TBRvaGqE6Sj/lQ.
Are you sure you want to continue connecting (yes/no/[fingerprint])? yes
Warning: Permanently added 'ec2-18-232-119-155.compute-1.amazonaws.com,18.232.119.155' (ECDSA) to the list of known hosts.
Welcome to Ubuntu 18.04.4 LTS (GNU/Linux 5.3.0-1023-aws x86_64)

 * Documentation:  https://help.ubuntu.com
 * Management:     https://landscape.canonical.com
 * Support:        https://ubuntu.com/advantage

  System information as of Sat Jul 18 02:08:02 UTC 2020

  System load:  0.09              Processes:           117
  Usage of /:   5.5% of 19.32GB   Users logged in:     0
  Memory usage: 4%                IP address for eth0: 172.31.69.223
  Swap usage:   0%

0 packages can be updated.
0 updates are security updates.



The programs included with the Ubuntu system are free software;
the exact distribution terms for each program are described in the
individual files in /usr/share/doc/*/copyright.

Ubuntu comes with ABSOLUTELY NO WARRANTY, to the extent permitted by
applicable law.

To run a command as administrator (user "root"), use "sudo <command>".
See "man sudo_root" for details.

ubuntu@ip-172-31-69-223:~$ 
ubuntu@ip-172-31-69-223:~$ pwd
/home/ubuntu
ubuntu@ip-172-31-69-223:~$ 
ubuntu@ip-172-31-69-223:~$ 
ubuntu@ip-172-31-69-223:~$ docker -v

Command 'docker' not found, but can be installed with:

sudo apt install docker.io

ubuntu@ip-172-31-69-223:~$ sudo apt-get update
Hit:1 http://us-east-1.ec2.archive.ubuntu.com/ubuntu bionic InRelease
Get:2 http://us-east-1.ec2.archive.ubuntu.com/ubuntu bionic-updates InRelease [88.7 kB]
Get:3 http://us-east-1.ec2.archive.ubuntu.com/ubuntu bionic-backports InRelease [74.6 kB]             
Get:4 http://us-east-1.ec2.archive.ubuntu.com/ubuntu bionic/universe amd64 Packages [8570 kB]                     
Get:5 http://security.ubuntu.com/ubuntu bionic-security InRelease [88.7 kB]        
Get:6 http://us-east-1.ec2.archive.ubuntu.com/ubuntu bionic/universe Translation-en [4941 kB]   
Get:7 http://us-east-1.ec2.archive.ubuntu.com/ubuntu bionic/multiverse amd64 Packages [151 kB]  
Get:8 http://us-east-1.ec2.archive.ubuntu.com/ubuntu bionic/multiverse Translation-en [108 kB]
Get:9 http://us-east-1.ec2.archive.ubuntu.com/ubuntu bionic-updates/main amd64 Packages [1011 kB]
Get:10 http://us-east-1.ec2.archive.ubuntu.com/ubuntu bionic-updates/main Translation-en [341 kB]
Get:11 http://us-east-1.ec2.archive.ubuntu.com/ubuntu bionic-updates/restricted amd64 Packages [76.7 kB]
Get:12 http://us-east-1.ec2.archive.ubuntu.com/ubuntu bionic-updates/restricted Translation-en [17.1 kB]
Get:13 http://us-east-1.ec2.archive.ubuntu.com/ubuntu bionic-updates/universe amd64 Packages [1092 kB]
Get:14 http://us-east-1.ec2.archive.ubuntu.com/ubuntu bionic-updates/universe Translation-en [340 kB]
Get:15 http://us-east-1.ec2.archive.ubuntu.com/ubuntu bionic-updates/multiverse amd64 Packages [11.5 kB]
Get:16 http://us-east-1.ec2.archive.ubuntu.com/ubuntu bionic-updates/multiverse Translation-en [4832 B]
Get:17 http://us-east-1.ec2.archive.ubuntu.com/ubuntu bionic-backports/main amd64 Packages [7516 B]
Get:18 http://us-east-1.ec2.archive.ubuntu.com/ubuntu bionic-backports/main Translation-en [4764 B]
Get:19 http://us-east-1.ec2.archive.ubuntu.com/ubuntu bionic-backports/universe amd64 Packages [7736 B]
Get:20 http://us-east-1.ec2.archive.ubuntu.com/ubuntu bionic-backports/universe Translation-en [4588 B]
Get:21 http://security.ubuntu.com/ubuntu bionic-security/main amd64 Packages [783 kB] 
Get:22 http://security.ubuntu.com/ubuntu bionic-security/main Translation-en [247 kB]
Get:23 http://security.ubuntu.com/ubuntu bionic-security/restricted amd64 Packages [67.8 kB]
Get:24 http://security.ubuntu.com/ubuntu bionic-security/restricted Translation-en [15.0 kB]
Get:25 http://security.ubuntu.com/ubuntu bionic-security/universe amd64 Packages [679 kB]
Get:26 http://security.ubuntu.com/ubuntu bionic-security/universe Translation-en [225 kB]
Get:27 http://security.ubuntu.com/ubuntu bionic-security/multiverse amd64 Packages [7908 B]
Get:28 http://security.ubuntu.com/ubuntu bionic-security/multiverse Translation-en [2816 B]
Fetched 19.0 MB in 3s (5452 kB/s)                            
Reading package lists... Done
ubuntu@ip-172-31-69-223:~$ sudo apt install docker.io
Reading package lists... Done
Building dependency tree       
Reading state information... Done
The following additional packages will be installed:
  bridge-utils cgroupfs-mount containerd pigz runc ubuntu-fan
Suggested packages:
  ifupdown aufs-tools debootstrap docker-doc rinse zfs-fuse | zfsutils
The following NEW packages will be installed:
  bridge-utils cgroupfs-mount containerd docker.io pigz runc ubuntu-fan
0 upgraded, 7 newly installed, 0 to remove and 29 not upgraded.
Need to get 63.8 MB of archives.
After this operation, 319 MB of additional disk space will be used.
Do you want to continue? [Y/n] y
Get:1 http://us-east-1.ec2.archive.ubuntu.com/ubuntu bionic/universe amd64 pigz amd64 2.4-1 [57.4 kB]
Get:2 http://us-east-1.ec2.archive.ubuntu.com/ubuntu bionic/main amd64 bridge-utils amd64 1.5-15ubuntu1 [30.1 kB]
Get:3 http://us-east-1.ec2.archive.ubuntu.com/ubuntu bionic/universe amd64 cgroupfs-mount all 1.4 [6320 B]
Get:4 http://us-east-1.ec2.archive.ubuntu.com/ubuntu bionic-updates/universe amd64 runc amd64 1.0.0~rc10-0ubuntu1~18.04.2 [2000 kB]
Get:5 http://us-east-1.ec2.archive.ubuntu.com/ubuntu bionic-updates/universe amd64 containerd amd64 1.3.3-0ubuntu1~18.04.2 [21.7 MB]
Get:6 http://us-east-1.ec2.archive.ubuntu.com/ubuntu bionic-updates/universe amd64 docker.io amd64 19.03.6-0ubuntu1~18.04.1 [39.9 MB]
Get:7 http://us-east-1.ec2.archive.ubuntu.com/ubuntu bionic/main amd64 ubuntu-fan all 0.12.10 [34.7 kB]
Fetched 63.8 MB in 2s (39.7 MB/s)      
Preconfiguring packages ...
Selecting previously unselected package pigz.
(Reading database ... 57065 files and directories currently installed.)
Preparing to unpack .../0-pigz_2.4-1_amd64.deb ...
Unpacking pigz (2.4-1) ...
Selecting previously unselected package bridge-utils.
Preparing to unpack .../1-bridge-utils_1.5-15ubuntu1_amd64.deb ...
Unpacking bridge-utils (1.5-15ubuntu1) ...
Selecting previously unselected package cgroupfs-mount.
Preparing to unpack .../2-cgroupfs-mount_1.4_all.deb ...
Unpacking cgroupfs-mount (1.4) ...
Selecting previously unselected package runc.
Preparing to unpack .../3-runc_1.0.0~rc10-0ubuntu1~18.04.2_amd64.deb ...
Unpacking runc (1.0.0~rc10-0ubuntu1~18.04.2) ...
Selecting previously unselected package containerd.
Preparing to unpack .../4-containerd_1.3.3-0ubuntu1~18.04.2_amd64.deb ...
Unpacking containerd (1.3.3-0ubuntu1~18.04.2) ...
Selecting previously unselected package docker.io.
Preparing to unpack .../5-docker.io_19.03.6-0ubuntu1~18.04.1_amd64.deb ...
Unpacking docker.io (19.03.6-0ubuntu1~18.04.1) ...
Selecting previously unselected package ubuntu-fan.
Preparing to unpack .../6-ubuntu-fan_0.12.10_all.deb ...
Unpacking ubuntu-fan (0.12.10) ...
Setting up runc (1.0.0~rc10-0ubuntu1~18.04.2) ...
Setting up cgroupfs-mount (1.4) ...
Setting up containerd (1.3.3-0ubuntu1~18.04.2) ...
Created symlink /etc/systemd/system/multi-user.target.wants/containerd.service → /lib/systemd/system/containerd.service.
Setting up bridge-utils (1.5-15ubuntu1) ...
Setting up ubuntu-fan (0.12.10) ...
Created symlink /etc/systemd/system/multi-user.target.wants/ubuntu-fan.service → /lib/systemd/system/ubuntu-fan.service.
Setting up pigz (2.4-1) ...
Setting up docker.io (19.03.6-0ubuntu1~18.04.1) ...
Adding group `docker' (GID 115) ...
Done.
Created symlink /etc/systemd/system/sockets.target.wants/docker.socket → /lib/systemd/system/docker.socket.
docker.service is a disabled or a static unit, not starting it.
Processing triggers for systemd (237-3ubuntu10.41) ...
Processing triggers for man-db (2.8.3-2ubuntu0.1) ...
Processing triggers for ureadahead (0.100.0-21) ...
ubuntu@ip-172-31-69-223:~$ 
ubuntu@ip-172-31-69-223:~$ 
ubuntu@ip-172-31-69-223:~$ 
ubuntu@ip-172-31-69-223:~$ 
ubuntu@ip-172-31-69-223:~$ 
ubuntu@ip-172-31-69-223:~$ 
ubuntu@ip-172-31-69-223:~$ docker -v
Docker version 19.03.6, build 369ce74a3c

ubuntu@ip-172-31-69-223:~$ 
ubuntu@ip-172-31-69-223:~$ docker images
Got permission denied while trying to connect to the Docker daemon socket at unix:///var/run/docker.sock: Get http://%2Fvar%2Frun%2Fdocker.sock/v1.40/images/json: dial unix /var/run/docker.sock: connect: permission denied
ubuntu@ip-172-31-69-223:~$ 
ubuntu@ip-172-31-69-223:~$ grep ubuntu /etc/passwd /etc/shadow
/etc/passwd:ubuntu:x:1000:1000:Ubuntu:/home/ubuntu:/bin/bash
grep: /etc/shadow: Permission denied
ubuntu@ip-172-31-69-223:~$ 
ubuntu@ip-172-31-69-223:~$ grep docker /etc/group /etc/gshadow
/etc/group:docker:x:115:
grep: /etc/gshadow: Permission denied
ubuntu@ip-172-31-69-223:~$ 
ubuntu@ip-172-31-69-223:~$ sudo usermod -aG docker ubuntu
ubuntu@ip-172-31-69-223:~$ 
ubuntu@ip-172-31-69-223:~$ sudo grep docker /etc/group /etc/gshadow
/etc/group:docker:x:115:ubuntu
/etc/gshadow:docker:!::ubuntu
ubuntu@ip-172-31-69-223:~$ 
ubuntu@ip-172-31-69-223:~$ ls -lrt /var/run/docker.sock 
srw-rw---- 1 root docker 0 Jul 18 02:08 /var/run/docker.sock
ubuntu@ip-172-31-69-223:~$ 
ubuntu@ip-172-31-69-223:~$ docker images
Got permission denied while trying to connect to the Docker daemon socket at unix:///var/run/docker.sock: Get http://%2Fvar%2Frun%2Fdocker.sock/v1.40/images/json: dial unix /var/run/docker.sock: connect: permission denied
ubuntu@ip-172-31-69-223:~$ 
ubuntu@ip-172-31-69-223:~$ sudo chmod 666 /var/run/docker.sock 
ubuntu@ip-172-31-69-223:~$ 
ubuntu@ip-172-31-69-223:~$ sudo systemctl status docker.service 
● docker.service - Docker Application Container Engine
   Loaded: loaded (/lib/systemd/system/docker.service; disabled; vendor preset: enabled)
   Active: inactive (dead)
     Docs: https://docs.docker.com
ubuntu@ip-172-31-69-223:~$ 
ubuntu@ip-172-31-69-223:~$ sudo systemctl enable docker.service 
Created symlink /etc/systemd/system/multi-user.target.wants/docker.service → /lib/systemd/system/docker.service.
ubuntu@ip-172-31-69-223:~$ 
ubuntu@ip-172-31-69-223:~$ sudo systemctl start docker.service 
ubuntu@ip-172-31-69-223:~$ 
ubuntu@ip-172-31-69-223:~$ sudo systemctl status docker.service 
● docker.service - Docker Application Container Engine
   Loaded: loaded (/lib/systemd/system/docker.service; enabled; vendor preset: enabled)
   Active: active (running) since Sat 2020-07-18 02:13:34 UTC; 3s ago
     Docs: https://docs.docker.com
 Main PID: 3929 (dockerd)
    Tasks: 10
   CGroup: /system.slice/docker.service
           └─3929 /usr/bin/dockerd -H fd:// --containerd=/run/containerd/containerd.sock

Jul 18 02:13:33 ip-172-31-69-223 dockerd[3929]: time="2020-07-18T02:13:33.872094221Z" level=warning msg="Your kernel does not supp
Jul 18 02:13:33 ip-172-31-69-223 dockerd[3929]: time="2020-07-18T02:13:33.872119361Z" level=warning msg="Your kernel does not supp
Jul 18 02:13:33 ip-172-31-69-223 dockerd[3929]: time="2020-07-18T02:13:33.872129198Z" level=warning msg="Your kernel does not supp
Jul 18 02:13:33 ip-172-31-69-223 dockerd[3929]: time="2020-07-18T02:13:33.872297636Z" level=info msg="Loading containers: start."
Jul 18 02:13:34 ip-172-31-69-223 dockerd[3929]: time="2020-07-18T02:13:34.008680387Z" level=info msg="Default bridge (docker0) is 
Jul 18 02:13:34 ip-172-31-69-223 dockerd[3929]: time="2020-07-18T02:13:34.064914021Z" level=info msg="Loading containers: done."
Jul 18 02:13:34 ip-172-31-69-223 dockerd[3929]: time="2020-07-18T02:13:34.096397702Z" level=info msg="Docker daemon" commit=369ce7
Jul 18 02:13:34 ip-172-31-69-223 dockerd[3929]: time="2020-07-18T02:13:34.096503238Z" level=info msg="Daemon has completed initial
Jul 18 02:13:34 ip-172-31-69-223 dockerd[3929]: time="2020-07-18T02:13:34.127529984Z" level=info msg="API listen on /var/run/docke
Jul 18 02:13:34 ip-172-31-69-223 systemd[1]: Started Docker Application Container Engine.
ubuntu@ip-172-31-69-223:~$ 
ubuntu@ip-172-31-69-223:~$ 
ubuntu@ip-172-31-69-223:~$ docker images
REPOSITORY          TAG                 IMAGE ID            CREATED             SIZE
ubuntu@ip-172-31-69-223:~$ docker ps
CONTAINER ID        IMAGE               COMMAND             CREATED             STATUS              PORTS               NAMES
ubuntu@ip-172-31-69-223:~$ docker ps -a
CONTAINER ID        IMAGE               COMMAND             CREATED             STATUS              PORTS               NAMES
ubuntu@ip-172-31-69-223:~$