[root@centos7 ~]# yum install update
Loaded plugins: fastestmirror, langpacks
Loading mirror speeds from cached hostfile
 * base: mirrors.piconets.webwerks.in
 * extras: mirrors.piconets.webwerks.in
 * updates: mirrors.piconets.webwerks.in
No package update available.
Error: Nothing to do
[root@centos7 ~]# 


[root@centos7 ~]# sudo yum install vim curl elinks unzip wget tree git -y 
Loaded plugins: fastestmirror, langpacks
Loading mirror speeds from cached hostfile
 * base: mirrors.piconets.webwerks.in
 * extras: mirrors.piconets.webwerks.in
 * updates: mirrors.piconets.webwerks.in
Package 2:vim-enhanced-7.4.629-6.el7.x86_64 already installed and latest version
Package curl-7.29.0-57.el7.x86_64 already installed and latest version
Package unzip-6.0-21.el7.x86_64 already installed and latest version
Package wget-1.14-18.el7_6.1.x86_64 already installed and latest version
Package git-1.8.3.1-23.el7_8.x86_64 already installed and latest version
Resolving Dependencies
--> Running transaction check
---> Package elinks.x86_64 0:0.12-0.37.pre6.el7.0.1 will be installed
--> Processing Dependency: libnss_compat_ossl.so.0()(64bit) for package: elinks-0.12-0.37.pre6.el7.0.1.x86_64
--> Processing Dependency: libmozjs185.so.1.0()(64bit) for package: elinks-0.12-0.37.pre6.el7.0.1.x86_64
---> Package tree.x86_64 0:1.6.0-10.el7 will be installed
--> Running transaction check
---> Package js.x86_64 1:1.8.5-20.el7 will be installed
---> Package nss_compat_ossl.x86_64 0:0.9.6-8.el7 will be installed
--> Finished Dependency Resolution

Dependencies Resolved

==============================================================================================================================================================================================================================================
 Package                                                      Arch                                                Version                                                             Repository                                         Size
==============================================================================================================================================================================================================================================
Installing:
 elinks                                                       x86_64                                              0.12-0.37.pre6.el7.0.1                                              base                                              882 k
 tree                                                         x86_64                                              1.6.0-10.el7                                                        base                                               46 k
Installing for dependencies:
 js                                                           x86_64                                              1:1.8.5-20.el7                                                      base                                              2.3 M
 nss_compat_ossl                                              x86_64                                              0.9.6-8.el7                                                         base                                               37 k

Transaction Summary
==============================================================================================================================================================================================================================================
Install  2 Packages (+2 Dependent packages)

Total download size: 3.2 M
Installed size: 9.7 M
Downloading packages:
(1/4): tree-1.6.0-10.el7.x86_64.rpm                                                                                                                                                                                    |  46 kB  00:00:00     
(2/4): nss_compat_ossl-0.9.6-8.el7.x86_64.rpm                                                                                                                                                                          |  37 kB  00:00:00     
(3/4): js-1.8.5-20.el7.x86_64.rpm                                                                                                                                                                                      | 2.3 MB  00:00:03     
(4/4): elinks-0.12-0.37.pre6.el7.0.1.x86_64.rpm                                                                                                                                                                        | 882 kB  00:00:06     
----------------------------------------------------------------------------------------------------------------------------------------------------------------------------------------------------------------------------------------------
Total                                                                                                                                                                                                         508 kB/s | 3.2 MB  00:00:06     
Running transaction check
Running transaction test
Transaction test succeeded
Running transaction
  Installing : nss_compat_ossl-0.9.6-8.el7.x86_64                                                                                                                                                                                         1/4 
  Installing : 1:js-1.8.5-20.el7.x86_64                                                                                                                                                                                                   2/4 
  Installing : elinks-0.12-0.37.pre6.el7.0.1.x86_64                                                                                                                                                                                       3/4 
  Installing : tree-1.6.0-10.el7.x86_64                                                                                                                                                                                                   4/4 
  Verifying  : elinks-0.12-0.37.pre6.el7.0.1.x86_64                                                                                                                                                                                       1/4 
  Verifying  : tree-1.6.0-10.el7.x86_64                                                                                                                                                                                                   2/4 
  Verifying  : 1:js-1.8.5-20.el7.x86_64                                                                                                                                                                                                   3/4 
  Verifying  : nss_compat_ossl-0.9.6-8.el7.x86_64                                                                                                                                                                                         4/4 

Installed:
  elinks.x86_64 0:0.12-0.37.pre6.el7.0.1                                                                                      tree.x86_64 0:1.6.0-10.el7                                                                                     

Dependency Installed:
  js.x86_64 1:1.8.5-20.el7                                                                                        nss_compat_ossl.x86_64 0:0.9.6-8.el7                                                                                       

Complete!
[root@centos7 ~]# 

[root@centos7 ~]# echo "`vim --version`/n;`curl --version`;`elinks --version`;`unzip -v`;`wget --version`;`tree --version`;`git --version`" >> /tmp/test2.txt
[root@centos7 ~]# cat /tmp/test2.txt 
VIM - Vi IMproved 7.4 (2013 Aug 10, compiled Aug  9 2019 03:17:15)
Included patches: 1-207, 209-629
Modified by <bugzilla@redhat.com>
Compiled by <bugzilla@redhat.com>
Huge version without GUI.  Features included (+) or not (-):
+acl             +farsi           +mouse_netterm   +syntax
+arabic          +file_in_path    +mouse_sgr       +tag_binary
+autocmd         +find_in_path    -mouse_sysmouse  +tag_old_static
-balloon_eval    +float           +mouse_urxvt     -tag_any_white
-browse          +folding         +mouse_xterm     -tcl
++builtin_terms  -footer          +multi_byte      +terminfo
+byte_offset     +fork()          +multi_lang      +termresponse
+cindent         +gettext         -mzscheme        +textobjects
-clientserver    -hangul_input    +netbeans_intg   +title
-clipboard       +iconv           +path_extra      -toolbar
+cmdline_compl   +insert_expand   +perl            +user_commands
+cmdline_hist    +jumplist        +persistent_undo +vertsplit
+cmdline_info    +keymap          +postscript      +virtualedit
+comments        +langmap         +printer         +visual
+conceal         +libcall         +profile         +visualextra
+cryptv          +linebreak       +python/dyn      +viminfo
+cscope          +lispindent      -python3         +vreplace
+cursorbind      +listcmds        +quickfix        +wildignore
+cursorshape     +localmap        +reltime         +wildmenu
+dialog_con      -lua             +rightleft       +windows
+diff            +menu            +ruby/dyn        +writebackup
+digraphs        +mksession       +scrollbind      -X11
-dnd             +modify_fname    +signs           -xfontset
-ebcdic          +mouse           +smartindent     -xim
+emacs_tags      -mouseshape      -sniff           -xsmp
+eval            +mouse_dec       +startuptime     -xterm_clipboard
+ex_extra        +mouse_gpm       +statusline      -xterm_save
+extra_search    -mouse_jsbterm   -sun_workshop    -xpm
   system vimrc file: "/etc/vimrc"
     user vimrc file: "$HOME/.vimrc"
 2nd user vimrc file: "~/.vim/vimrc"
      user exrc file: "$HOME/.exrc"
  fall-back for $VIM: "/etc"
 f-b for $VIMRUNTIME: "/usr/share/vim/vim74"
Compilation: gcc -c -I. -Iproto -DHAVE_CONFIG_H     -O2 -g -pipe -Wall -fexceptions -fstack-protector-strong --param=ssp-buffer-size=4 -grecord-gcc-switches   -m64 -mtune=generic -D_GNU_SOURCE -D_FILE_OFFSET_BITS=64 -D__linux__ -D_REENTRANT -U_FORTIFY_SOURCE -D_FORTIFY_SOURCE=1      
Linking: gcc   -L. -Wl,-z,relro -fstack-protector -rdynamic -Wl,-export-dynamic -Wl,--enable-new-dtags -Wl,-rpath,/usr/lib64/perl5/CORE  -Wl,-z,relro  -L/usr/local/lib -Wl,--as-needed -o vim        -lm -lnsl  -lselinux  -lncurses -lacl -lattr -lgpm -ldl   -Wl,--enable-new-dtags -Wl,-rpath,/usr/lib64/perl5/CORE  -fstack-protector  -L/usr/lib64/perl5/CORE -lperl -lresolv -lnsl -ldl -lm -lcrypt -lutil -lpthread -lc       /n;curl 7.29.0 (x86_64-redhat-linux-gnu) libcurl/7.29.0 NSS/3.44 zlib/1.2.7 libidn/1.28 libssh2/1.8.0
Protocols: dict file ftp ftps gopher http https imap imaps ldap ldaps pop3 pop3s rtsp scp sftp smtp smtps telnet tftp 
Features: AsynchDNS GSS-Negotiate IDN IPv6 Largefile NTLM NTLM_WB SSL libz unix-sockets ;ELinks 0.12pre6
Built on Jan 10 2019 17:00:53

Features:
Standard, IPv6, gzip, bzip2, UTF-8, Periodic Saving, Viewer (Search
History, Timer, Marks), Cascading Style Sheets, Protocol
(Authentication, BitTorrent, File, FTP, HTTP, URI rewrite, User
protocols), SSL (OpenSSL), MIME (Option system, Mailcap, Mimetypes
files), LED indicators, Bookmarks, Cookies, ECMAScript (SpiderMonkey),
Form History, Global History, Scripting (Spidermonkey ECMAScript), Goto
URL History;UnZip 6.00 of 20 April 2009, by Info-ZIP.  Maintained by C. Spieler.  Send
bug reports using http://www.info-zip.org/zip-bug.html; see README for details.

Latest sources and executables are at ftp://ftp.info-zip.org/pub/infozip/ ;
see ftp://ftp.info-zip.org/pub/infozip/UnZip.html for other sites.

Compiled with gcc 4.8.5 20150623 (Red Hat 4.8.5-39) for Unix (Linux ELF) on Apr  1 2020.

UnZip special compilation options:
        COPYRIGHT_CLEAN (PKZIP 0.9x unreducing method not supported)
        SET_DIR_ATTRIB
        SYMLINKS (symbolic links supported, if RTL and file system permit)
        TIMESTAMP
        UNIXBACKUP
        USE_EF_UT_TIME
        USE_UNSHRINK (PKZIP/Zip 1.x unshrinking method supported)
        USE_DEFLATE64 (PKZIP 4.x Deflate64(tm) supported)
        UNICODE_SUPPORT [wide-chars, char coding: UTF-8] (handle UTF-8 paths)
        MBCS-support (multibyte character support, MB_CUR_MAX = 6)
        LARGE_FILE_SUPPORT (large files over 2 GiB supported)
        ZIP64_SUPPORT (archives using Zip64 for large files supported)
        USE_BZIP2 (PKZIP 4.6+, using bzip2 lib version 1.0.6, 6-Sept-2010)
        VMS_TEXT_CONV
        [decryption, version 2.11 of 05 Jan 2007]

UnZip and ZipInfo environment options:
           UNZIP:  [none]
        UNZIPOPT:  [none]
         ZIPINFO:  [none]
      ZIPINFOOPT:  [none];GNU Wget 1.14 built on linux-gnu.

+digest +https +ipv6 +iri +large-file +nls +ntlm +opie +ssl/openssl 

Wgetrc: 
    /etc/wgetrc (system)
Locale: /usr/share/locale 
Compile: gcc -DHAVE_CONFIG_H -DSYSTEM_WGETRC="/etc/wgetrc" 
    -DLOCALEDIR="/usr/share/locale" -I. -I../lib -I../lib -O2 -g -pipe 
    -Wall -Wp,-D_FORTIFY_SOURCE=2 -fexceptions -fstack-protector-strong 
    --param=ssp-buffer-size=4 -grecord-gcc-switches -m64 -mtune=generic 
Link: gcc -O2 -g -pipe -Wall -Wp,-D_FORTIFY_SOURCE=2 -fexceptions 
    -fstack-protector-strong --param=ssp-buffer-size=4 
    -grecord-gcc-switches -m64 -mtune=generic -lssl -lcrypto 
    /usr/lib64/libssl.so /usr/lib64/libcrypto.so /usr/lib64/libz.so 
    -ldl -lz -lz -lidn -luuid -lpcre ftp-opie.o openssl.o http-ntlm.o 
    ../lib/libgnu.a 

Copyright (C) 2011 Free Software Foundation, Inc.
License GPLv3+: GNU GPL version 3 or later
<http://www.gnu.org/licenses/gpl.html>.
This is free software: you are free to change and redistribute it.
There is NO WARRANTY, to the extent permitted by law.

Originally written by Hrvoje Niksic <hniksic@xemacs.org>.
Please send bug reports and questions to <bug-wget@gnu.org>.;tree v1.6.0 (c) 1996 - 2011 by Steve Baker, Thomas Moore, Francesc Rocher, Kyosuke Tokoro ;git version 1.8.3.1
[root@centos7 ~]# vim --version
VIM - Vi IMproved 7.4 (2013 Aug 10, compiled Aug  9 2019 03:17:15)
Included patches: 1-207, 209-629
Modified by <bugzilla@redhat.com>
Compiled by <bugzilla@redhat.com>
Huge version without GUI.  Features included (+) or not (-):
+acl             +farsi           +mouse_netterm   +syntax
+arabic          +file_in_path    +mouse_sgr       +tag_binary
+autocmd         +find_in_path    -mouse_sysmouse  +tag_old_static
-balloon_eval    +float           +mouse_urxvt     -tag_any_white
-browse          +folding         +mouse_xterm     -tcl
++builtin_terms  -footer          +multi_byte      +terminfo
+byte_offset     +fork()          +multi_lang      +termresponse
+cindent         +gettext         -mzscheme        +textobjects
-clientserver    -hangul_input    +netbeans_intg   +title
-clipboard       +iconv           +path_extra      -toolbar
+cmdline_compl   +insert_expand   +perl            +user_commands
+cmdline_hist    +jumplist        +persistent_undo +vertsplit
+cmdline_info    +keymap          +postscript      +virtualedit
+comments        +langmap         +printer         +visual
+conceal         +libcall         +profile         +visualextra
+cryptv          +linebreak       +python/dyn      +viminfo
+cscope          +lispindent      -python3         +vreplace
+cursorbind      +listcmds        +quickfix        +wildignore
+cursorshape     +localmap        +reltime         +wildmenu
+dialog_con      -lua             +rightleft       +windows
+diff            +menu            +ruby/dyn        +writebackup
+digraphs        +mksession       +scrollbind      -X11
-dnd             +modify_fname    +signs           -xfontset
-ebcdic          +mouse           +smartindent     -xim
+emacs_tags      -mouseshape      -sniff           -xsmp
+eval            +mouse_dec       +startuptime     -xterm_clipboard
+ex_extra        +mouse_gpm       +statusline      -xterm_save
+extra_search    -mouse_jsbterm   -sun_workshop    -xpm
   system vimrc file: "/etc/vimrc"
     user vimrc file: "$HOME/.vimrc"
 2nd user vimrc file: "~/.vim/vimrc"
      user exrc file: "$HOME/.exrc"
  fall-back for $VIM: "/etc"
 f-b for $VIMRUNTIME: "/usr/share/vim/vim74"
Compilation: gcc -c -I. -Iproto -DHAVE_CONFIG_H     -O2 -g -pipe -Wall -fexceptions -fstack-protector-strong --param=ssp-buffer-size=4 -grecord-gcc-switches   -m64 -mtune=generic -D_GNU_SOURCE -D_FILE_OFFSET_BITS=64 -D__linux__ -D_REENTRANT -U_FORTIFY_SOURCE -D_FORTIFY_SOURCE=1      
Linking: gcc   -L. -Wl,-z,relro -fstack-protector -rdynamic -Wl,-export-dynamic -Wl,--enable-new-dtags -Wl,-rpath,/usr/lib64/perl5/CORE  -Wl,-z,relro  -L/usr/local/lib -Wl,--as-needed -o vim        -lm -lnsl  -lselinux  -lncurses -lacl -lattr -lgpm -ldl   -Wl,--enable-new-dtags -Wl,-rpath,/usr/lib64/perl5/CORE  -fstack-protector  -L/usr/lib64/perl5/CORE -lperl -lresolv -lnsl -ldl -lm -lcrypt -lutil -lpthread -lc       
[root@centos7 ~]# 
[root@centos7 ~]# java -version
openjdk version "1.8.0_252"
OpenJDK Runtime Environment (build 1.8.0_252-b09)
OpenJDK 64-Bit Server VM (build 25.252-b09, mixed mode)
[root@centos7 ~]# cd /usr/
[root@centos7 usr]# ls
bin  etc  games  include  lib  lib64  libexec  local  sbin  share  src  tmp
[root@centos7 usr]# cd /usr/lib
[root@centos7 lib]# ls
alsa      cups    firewalld   games   java        java-1.7.0  jvm          jvm-private  kernel      modules         NetworkManager  python2.7  sendmail.postfix  systemd     udev
binfmt.d  debug   firmware    grub    java-1.5.0  java-1.8.0  jvm-commmon  kbd          locale      modules-load.d  os-release      rpm        sse2              tmpfiles.d  yum-plugins
crda      dracut  fontconfig  hsqldb  java-1.6.0  java-ext    jvm-exports  kdump        modprobe.d  mozilla         polkit-1        sendmail   sysctl.d          tuned
[root@centos7 lib]# cd jvm
[root@centos7 jvm]# ls
java  java-1.8.0  java-1.8.0-openjdk  java-1.8.0-openjdk-1.8.0.252.b09-2.el7_8.x86_64  java-openjdk  jre  jre-1.8.0  jre-1.8.0-openjdk  jre-1.8.0-openjdk-1.8.0.252.b09-2.el7_8.x86_64  jre-openjdk
[root@centos7 jvm]# cd java-1.8.0-openjdk
[root@centos7 java-1.8.0-openjdk]# ls
bin  include  jre  lib  tapset
[root@centos7 java-1.8.0-openjdk]# pwd
/usr/lib/jvm/java-1.8.0-openjdk
[root@centos7 java-1.8.0-openjdk]# 
[root@centos7 java-1.8.0-openjdk]# 
[root@centos7 java-1.8.0-openjdk]# 
[root@centos7 java-1.8.0-openjdk]# 
[root@centos7 java-1.8.0-openjdk]# 
[root@centos7 java-1.8.0-openjdk]# echo "JAVA_HOME=/usr/lib/jvm/java-1.8.0-openjdk" >> /etc/environment 
[root@centos7 java-1.8.0-openjdk]# cat /etc/environment 
JAVA_HOME=/usr/lib/jvm/java-1.8.0-openjdk
[root@centos7 java-1.8.0-openjdk]# source /etc/environment
[root@centos7 java-1.8.0-openjdk]# echo $JAVA_HOME
/usr/lib/jvm/java-1.8.0-openjdk
[root@centos7 java-1.8.0-openjdk]# 



[root@centos7 java-1.8.0-openjdk]# sudo wget -O /etc/yum.repos.d/jenkins.repo https://pkg.jenkins.io/redhat-stable/jenkins.repo
--2020-07-11 22:03:41--  https://pkg.jenkins.io/redhat-stable/jenkins.repo
Resolving pkg.jenkins.io (pkg.jenkins.io)... 199.232.22.133, 2a04:4e42:42::645
Connecting to pkg.jenkins.io (pkg.jenkins.io)|199.232.22.133|:443... connected.
HTTP request sent, awaiting response... 200 OK
Length: 85
Saving to: ‘/etc/yum.repos.d/jenkins.repo’

100%[====================================================================================================================================================================================================>] 85          --.-K/s   in 0s      

2020-07-11 22:03:42 (5.69 MB/s) - ‘/etc/yum.repos.d/jenkins.repo’ saved [85/85]

[root@centos7 java-1.8.0-openjdk]# cat /etc/yum.repos.d/jenkins.repo 
[jenkins]
name=Jenkins-stable
baseurl=http://pkg.jenkins.io/redhat-stable
gpgcheck=1
[root@centos7 java-1.8.0-openjdk]# 

[root@centos7 java-1.8.0-openjdk]# sudo yum  install jenkins -y 
Loaded plugins: fastestmirror, langpacks
Loading mirror speeds from cached hostfile
 * base: mirrors.piconets.webwerks.in
 * extras: mirrors.piconets.webwerks.in
 * updates: mirrors.piconets.webwerks.in
Resolving Dependencies
--> Running transaction check
---> Package jenkins.noarch 0:2.235.1-1.1 will be installed
--> Finished Dependency Resolution

Dependencies Resolved

==============================================================================================================================================================================================================================================
 Package                                                  Arch                                                    Version                                                      Repository                                                Size
==============================================================================================================================================================================================================================================
Installing:
 jenkins                                                  noarch                                                  2.235.1-1.1                                                  jenkins                                                   63 M

Transaction Summary
==============================================================================================================================================================================================================================================
Install  1 Package

Total download size: 63 M
Installed size: 63 M
Downloading packages:
jenkins-2.235.1-1.1.noarch.rpm                                                                                                                                                                                         |  63 MB  00:04:54     
Running transaction check
Running transaction test
Transaction test succeeded
Running transaction
  Installing : jenkins-2.235.1-1.1.noarch                                                                                                                                                                                                 1/1 
  Verifying  : jenkins-2.235.1-1.1.noarch                                                                                                                                                                                                 1/1 

Installed:
  jenkins.noarch 0:2.235.1-1.1                                                                                                                                                                                                                

Complete!
[root@centos7 java-1.8.0-openjdk]# 



[root@centos7 java-1.8.0-openjdk]# sudo systemctl status jenkins.service
● jenkins.service - LSB: Jenkins Automation Server
   Loaded: loaded (/etc/rc.d/init.d/jenkins; bad; vendor preset: disabled)
   Active: inactive (dead)
     Docs: man:systemd-sysv-generator(8)
[root@centos7 java-1.8.0-openjdk]# sudo systemctl enable jenkins.service
jenkins.service is not a native service, redirecting to /sbin/chkconfig.
Executing /sbin/chkconfig jenkins on
[root@centos7 java-1.8.0-openjdk]# sudo systemctl restart jenkins.service
[root@centos7 java-1.8.0-openjdk]# sudo systemctl status jenkins.service
● jenkins.service - LSB: Jenkins Automation Server
   Loaded: loaded (/etc/rc.d/init.d/jenkins; bad; vendor preset: disabled)
   Active: active (running) since Sat 2020-07-11 22:21:52 IST; 11s ago
     Docs: man:systemd-sysv-generator(8)
  Process: 4494 ExecStart=/etc/rc.d/init.d/jenkins start (code=exited, status=0/SUCCESS)
    Tasks: 37
   CGroup: /system.slice/jenkins.service
           └─4516 /etc/alternatives/java -Dcom.sun.akuma.Daemon=daemonized -Djava.awt.headless=true -DJENKINS_HOME=/var/lib/jenkins -jar /usr/lib/jenkins/jenkins.war --logfile=/var/log/jenkins/jenkins.log --webroot=/var/cache/jenkins/w...

Jul 11 22:21:51 centos7 systemd[1]: Starting LSB: Jenkins Automation Server...
Jul 11 22:21:51 centos7 runuser[4502]: pam_unix(runuser:session): session opened for user jenkins by (uid=0)
Jul 11 22:21:52 centos7 jenkins[4494]: Starting Jenkins [  OK  ]
Jul 11 22:21:52 centos7 systemd[1]: Started LSB: Jenkins Automation Server.
[root@centos7 java-1.8.0-openjdk]# 

